EN rot_s NULL C:/Users/Serefcan/Desktop/Seref/FPGA_Codes/RotaryEncoder/top.vhd sub00/vhpl02 1643400273
EN top NULL C:/Users/Serefcan/Desktop/Seref/FPGA_Codes/RotaryEncoder/top.vhd sub00/vhpl00 1643400471
AR rot_s behavioral C:/Users/Serefcan/Desktop/Seref/FPGA_Codes/RotaryEncoder/top.vhd sub00/vhpl03 1643400274
AR top behavioral C:/Users/Serefcan/Desktop/Seref/FPGA_Codes/RotaryEncoder/top.vhd sub00/vhpl01 1643400472
