V3 15
FL C:/Users/Serefcan/Desktop/Seref/FPGA_Codes/NbitAdder/full_adder.vhd 2021/12/04.21:52:54 P.20131013
EN work/full_adder 1638645736 \
      FL C:/Users/Serefcan/Desktop/Seref/FPGA_Codes/NbitAdder/full_adder.vhd \
      PB ieee/std_logic_1164 1381692176
AR work/full_adder/Behavioral 1638645737 \
      FL C:/Users/Serefcan/Desktop/Seref/FPGA_Codes/NbitAdder/full_adder.vhd \
      EN work/full_adder 1638645736 CP half_adder
FL C:/Users/Serefcan/Desktop/Seref/FPGA_Codes/NbitAdder/half_adder.vhd 2021/12/04.21:44:45 P.20131013
EN work/half_adder 1638645734 \
      FL C:/Users/Serefcan/Desktop/Seref/FPGA_Codes/NbitAdder/half_adder.vhd \
      PB ieee/std_logic_1164 1381692176
AR work/half_adder/Behavioral 1638645735 \
      FL C:/Users/Serefcan/Desktop/Seref/FPGA_Codes/NbitAdder/half_adder.vhd \
      EN work/half_adder 1638645734
FL C:/Users/Serefcan/Desktop/Seref/FPGA_Codes/NbitAdder/nbit_adder.vhd 2021/12/04.22:03:52 P.20131013
EN work/nbit_adder 1638645738 \
      FL C:/Users/Serefcan/Desktop/Seref/FPGA_Codes/NbitAdder/nbit_adder.vhd \
      PB ieee/std_logic_1164 1381692176
AR work/nbit_adder/Behavioral 1638645739 \
      FL C:/Users/Serefcan/Desktop/Seref/FPGA_Codes/NbitAdder/nbit_adder.vhd \
      EN work/nbit_adder 1638645738 CP full_adder
FL C:/Users/Serefcan/Desktop/Seref/FPGA_Codes/NbitAdder/top.vhd 2021/12/04.21:50:25 P.20131013
EN work/top 1638645740 \
      FL C:/Users/Serefcan/Desktop/Seref/FPGA_Codes/NbitAdder/top.vhd \
      PB ieee/std_logic_1164 1381692176
AR work/top/Behavioral 1638645741 \
      FL C:/Users/Serefcan/Desktop/Seref/FPGA_Codes/NbitAdder/top.vhd EN work/top 1638645740 \
      CP nbit_adder
